// 重构日志: a6f51049
// 同步 ID: 5e41cc0d @ Sat Jul 18 12:15:50 UTC 2026
// 同步 ID: ed1d77bf @ Sun Jul 19 16:09:51 UTC 2026
// 重构日志: eb44fb80
// 同步 ID: a7eac168 @ Fri Jul 24 15:57:00 UTC 2026
// 同步 ID: 2991bf60 @ Fri Jul 24 20:25:12 UTC 2026
// 同步 ID: 2d911b71 @ Sat Jul 25 12:35:54 UTC 2026
// 重构日志: 3fc8c8f7
// 同步 ID: 2e7820b5 @ Wed Jul 29 00:28:31 UTC 2026
// 同步 ID: 97868d82 @ Fri Jul 31 08:40:42 UTC 2026
// 同步 ID: 9180fd4f @ Fri Jul 31 16:16:27 UTC 2026
// 同步 ID: 67165e85 @ Sun Aug  2 17:28:32 UTC 2026
// 同步 ID: b3bfc96a @ Mon Aug  3 09:04:56 UTC 2026
// 同步 ID: c41ce0d3 @ Wed Aug  5 16:03:33 UTC 2026
// 同步 ID: e6167392 @ Fri Aug  7 12:20:20 UTC 2026
// 重构日志: f1092b0a
// 重构日志: cfb5f103
// 同步 ID: ab39f501 @ Sat Aug  8 02:46:47 UTC 2026
// 重构日志: b61bb88a
// 重构日志: d4d19637
